// Jest Snapshot v1, https://goo.gl/fbAQLP

exports[`ButtonContainer matches snapshot 1`] = `
<div>
  <Button
    buttonText="Run"
  />
  <Button
    buttonText="Pause"
  />
  <Button
    buttonText="Clear"
  />
</div>
`;
