// Jest Snapshot v1, https://goo.gl/fbAQLP

exports[`GenerationDisplay matches snapshot 1`] = `
<div>
  10
</div>
`;
